15:14:22 **** Incremental Build of configuration Debug for project BNIRS ****
make -j8 all 
arm-none-eabi-size   BNIRS.elf 
   text	   data	    bss	    dec	    hex	filename
  23724	    248	   3656	  27628	   6bec	BNIRS.elf
Finished building: default.size.stdout
 
15:15:12 **** Incremental Build of configuration Debug for project BNIRS ****
make -j8 all 
arm-none-eabi-size   BNIRS.elf 
   text	   data	    bss	    dec	    hex	filename
  23724	    248	   3656	  27628	   6bec	BNIRS.elf
Finished building: default.size.stdout
 
15:17:31 **** Incremental Build of configuration Debug for project BNIRS ****
make -j8 all 
arm-none-eabi-gcc "../Core/Src/stm32f3xx_it.c" -mcpu=cortex-m4 -std=gnu11 -g3 -DUSE_HAL_DRIVER -DSTM32F303xE -DDEBUG -c -I../Drivers/CMSIS/Include -I../Drivers/STM32F3xx_HAL_Driver/Inc -I../Core/Inc -I../Drivers/STM32F3xx_HAL_Driver/Inc/Legacy -I../Drivers/CMSIS/Device/ST/STM32F3xx/Include -O0 -ffunction-sections -fdata-sections -Wall -fstack-usage -MMD -MP -MF"Core/Src/stm32f3xx_it.d" -MT"Core/Src/stm32f3xx_it.o" --specs=nano.specs -mfpu=fpv4-sp-d16 -mfloat-abi=hard -mthumb -o "Core/Src/stm32f3xx_it.o"
arm-none-eabi-gcc -o "BNIRS.elf" @"objects.list"   -mcpu=cortex-m4 -T"/home/andre/Cloud/LIEB/Bioimpedance-NIRS/BNIRS/STM32F303ZETX_FLASH.ld" --specs=nosys.specs -Wl,-Map="BNIRS.map" -Wl,--gc-sections -static --specs=nano.specs -mfpu=fpv4-sp-d16 -mfloat-abi=hard -mthumb -Wl,--start-group -lc -lm -Wl,--end-group
Finished building target: BNIRS.elf
 
arm-none-eabi-objdump -h -S  BNIRS.elf  > "BNIRS.list"
arm-none-eabi-objcopy  -O binary  BNIRS.elf  "BNIRS.bin"
arm-none-eabi-size   BNIRS.elf 
   text	   data	    bss	    dec	    hex	filename
  23716	    248	   3656	  27620	   6be4	BNIRS.elf
Finished building: default.size.stdout
 
Finished building: BNIRS.bin
 
Finished building: BNIRS.list
 
15:24:32 **** Incremental Build of configuration Debug for project BNIRS ****
make -j8 all 
arm-none-eabi-gcc "../Core/Src/stm32f3xx_it.c" -mcpu=cortex-m4 -std=gnu11 -g3 -DUSE_HAL_DRIVER -DSTM32F303xE -DDEBUG -c -I../Drivers/CMSIS/Include -I../Drivers/STM32F3xx_HAL_Driver/Inc -I../Core/Inc -I../Drivers/STM32F3xx_HAL_Driver/Inc/Legacy -I../Drivers/CMSIS/Device/ST/STM32F3xx/Include -O0 -ffunction-sections -fdata-sections -Wall -fstack-usage -MMD -MP -MF"Core/Src/stm32f3xx_it.d" -MT"Core/Src/stm32f3xx_it.o" --specs=nano.specs -mfpu=fpv4-sp-d16 -mfloat-abi=hard -mthumb -o "Core/Src/stm32f3xx_it.o"
arm-none-eabi-gcc -o "BNIRS.elf" @"objects.list"   -mcpu=cortex-m4 -T"/home/andre/Cloud/LIEB/Bioimpedance-NIRS/BNIRS/STM32F303ZETX_FLASH.ld" --specs=nosys.specs -Wl,-Map="BNIRS.map" -Wl,--gc-sections -static --specs=nano.specs -mfpu=fpv4-sp-d16 -mfloat-abi=hard -mthumb -Wl,--start-group -lc -lm -Wl,--end-group
Finished building target: BNIRS.elf
 
arm-none-eabi-objdump -h -S  BNIRS.elf  > "BNIRS.list"
arm-none-eabi-objcopy  -O binary  BNIRS.elf  "BNIRS.bin"
arm-none-eabi-size   BNIRS.elf 
   text	   data	    bss	    dec	    hex	filename
  23724	    248	   3656	  27628	   6bec	BNIRS.elf
Finished building: default.size.stdout
 
Finished building: BNIRS.bin
 
Finished building: BNIRS.list
 
15:25:06 **** Incremental Build of configuration Debug for project BNIRS ****
make -j8 all 
arm-none-eabi-gcc "../Drivers/STM32F3xx_HAL_Driver/Src/stm32f3xx_hal_dma.c" -mcpu=cortex-m4 -std=gnu11 -g3 -DUSE_HAL_DRIVER -DSTM32F303xE -DDEBUG -c -I../Drivers/CMSIS/Include -I../Drivers/STM32F3xx_HAL_Driver/Inc -I../Core/Inc -I../Drivers/STM32F3xx_HAL_Driver/Inc/Legacy -I../Drivers/CMSIS/Device/ST/STM32F3xx/Include -O0 -ffunction-sections -fdata-sections -Wall -fstack-usage -MMD -MP -MF"Drivers/STM32F3xx_HAL_Driver/Src/stm32f3xx_hal_dma.d" -MT"Drivers/STM32F3xx_HAL_Driver/Src/stm32f3xx_hal_dma.o" --specs=nano.specs -mfpu=fpv4-sp-d16 -mfloat-abi=hard -mthumb -o "Drivers/STM32F3xx_HAL_Driver/Src/stm32f3xx_hal_dma.o"
arm-none-eabi-gcc -o "BNIRS.elf" @"objects.list"   -mcpu=cortex-m4 -T"/home/andre/Cloud/LIEB/Bioimpedance-NIRS/BNIRS/STM32F303ZETX_FLASH.ld" --specs=nosys.specs -Wl,-Map="BNIRS.map" -Wl,--gc-sections -static --specs=nano.specs -mfpu=fpv4-sp-d16 -mfloat-abi=hard -mthumb -Wl,--start-group -lc -lm -Wl,--end-group
Finished building target: BNIRS.elf
 
arm-none-eabi-objdump -h -S  BNIRS.elf  > "BNIRS.list"
arm-none-eabi-objcopy  -O binary  BNIRS.elf  "BNIRS.bin"
arm-none-eabi-size   BNIRS.elf 
   text	   data	    bss	    dec	    hex	filename
  23716	    248	   3656	  27620	   6be4	BNIRS.elf
Finished building: default.size.stdout
 
Finished building: BNIRS.bin
 
Finished building: BNIRS.list
 
15:33:21 **** Incremental Build of configuration Debug for project BNIRS ****
make -j8 all 
arm-none-eabi-gcc "../Core/Src/main.c" -mcpu=cortex-m4 -std=gnu11 -g3 -DUSE_HAL_DRIVER -DSTM32F303xE -DDEBUG -c -I../Drivers/CMSIS/Include -I../Drivers/STM32F3xx_HAL_Driver/Inc -I../Core/Inc -I../Drivers/STM32F3xx_HAL_Driver/Inc/Legacy -I../Drivers/CMSIS/Device/ST/STM32F3xx/Include -O0 -ffunction-sections -fdata-sections -Wall -fstack-usage -MMD -MP -MF"Core/Src/main.d" -MT"Core/Src/main.o" --specs=nano.specs -mfpu=fpv4-sp-d16 -mfloat-abi=hard -mthumb -o "Core/Src/main.o"
arm-none-eabi-gcc -o "BNIRS.elf" @"objects.list"   -mcpu=cortex-m4 -T"/home/andre/Cloud/LIEB/Bioimpedance-NIRS/BNIRS/STM32F303ZETX_FLASH.ld" --specs=nosys.specs -Wl,-Map="BNIRS.map" -Wl,--gc-sections -static --specs=nano.specs -mfpu=fpv4-sp-d16 -mfloat-abi=hard -mthumb -Wl,--start-group -lc -lm -Wl,--end-group
Finished building target: BNIRS.elf
 
arm-none-eabi-objdump -h -S  BNIRS.elf  > "BNIRS.list"
arm-none-eabi-objcopy  -O binary  BNIRS.elf  "BNIRS.bin"
arm-none-eabi-size   BNIRS.elf 
   text	   data	    bss	    dec	    hex	filename
  23740	    248	   3664	  27652	   6c04	BNIRS.elf
Finished building: default.size.stdout
 
Finished building: BNIRS.bin
 
Finished building: BNIRS.list
 
15:40:08 **** Incremental Build of configuration Debug for project BNIRS ****
make -j8 all 
arm-none-eabi-gcc "../Core/Src/main.c" -mcpu=cortex-m4 -std=gnu11 -g3 -DUSE_HAL_DRIVER -DSTM32F303xE -DDEBUG -c -I../Drivers/CMSIS/Include -I../Drivers/STM32F3xx_HAL_Driver/Inc -I../Core/Inc -I../Drivers/STM32F3xx_HAL_Driver/Inc/Legacy -I../Drivers/CMSIS/Device/ST/STM32F3xx/Include -O0 -ffunction-sections -fdata-sections -Wall -fstack-usage -MMD -MP -MF"Core/Src/main.d" -MT"Core/Src/main.o" --specs=nano.specs -mfpu=fpv4-sp-d16 -mfloat-abi=hard -mthumb -o "Core/Src/main.o"
arm-none-eabi-gcc -o "BNIRS.elf" @"objects.list"   -mcpu=cortex-m4 -T"/home/andre/Cloud/LIEB/Bioimpedance-NIRS/BNIRS/STM32F303ZETX_FLASH.ld" --specs=nosys.specs -Wl,-Map="BNIRS.map" -Wl,--gc-sections -static --specs=nano.specs -mfpu=fpv4-sp-d16 -mfloat-abi=hard -mthumb -Wl,--start-group -lc -lm -Wl,--end-group
Finished building target: BNIRS.elf
 
arm-none-eabi-objdump -h -S  BNIRS.elf  > "BNIRS.list"
arm-none-eabi-objcopy  -O binary  BNIRS.elf  "BNIRS.bin"
arm-none-eabi-size   BNIRS.elf 
   text	   data	    bss	    dec	    hex	filename
  23776	    248	   5264	  29288	   7268	BNIRS.elf
Finished building: default.size.stdout
 
Finished building: BNIRS.bin
 
Finished building: BNIRS.list
 
